#
# There is insufficient memory for the Java Runtime Environment to continue.
# Native memory allocation (malloc) failed to allocate 818944 bytes for Chunk::new
# Possible reasons:
#   The system is out of physical RAM or swap space
#   The process is running with CompressedOops enabled, and the Java Heap may be blocking the growth of the native heap
# Possible solutions:
#   Reduce memory load on the system
#   Increase physical memory or swap space
#   Check if swap backing store is full
#   Decrease Java heap size (-Xmx/-Xms)
#   Decrease number of Java threads
#   Decrease Java thread stack sizes (-Xss)
#   Set larger code cache with -XX:ReservedCodeCacheSize=
#   JVM is running with Unscaled Compressed Oops mode in which the Java heap is
#     placed in the first 4GB address space. The Java Heap base address is the
#     maximum limit for the native heap growth. Please use -XX:HeapBaseMinAddress
#     to set the Java Heap base and to place the Java Heap above 4GB virtual address.
# This output file may be truncated or incomplete.
#
#  Out of Memory Error (arena.cpp:168), pid=25348, tid=31668
#
# JRE version: Java(TM) SE Runtime Environment (21.0.6+8) (build 21.0.6+8-LTS-188)
# Java VM: Java HotSpot(TM) 64-Bit Server VM (21.0.6+8-LTS-188, mixed mode, sharing, tiered, compressed oops, compressed class ptrs, g1 gc, windows-amd64)
# No core dump will be written. Minidumps are not enabled by default on client versions of Windows
#

---------------  S U M M A R Y ------------

Command Line: -javaagent:D:\Program Files\IntelliJ IDEA Community Edition 2024.3.5\lib\idea_rt.jar=57972 -Dfile.encoding=UTF-8 -Dsun.stdout.encoding=UTF-8 -Dsun.stderr.encoding=UTF-8 com.nvs.Mavli.MavliApplication

Host: AMD Ryzen 3 7320U with Radeon Graphics         , 8 cores, 7G,  Windows 11 , 64 bit Build 22621 (10.0.22621.3958)
Time: Thu Jul 23 21:08:00 2026 India Standard Time elapsed time: 14.966376 seconds (0d 0h 0m 14s)

---------------  T H R E A D  ---------------

Current thread (0x0000020a2d986810):  JavaThread "C2 CompilerThread0" daemon [_thread_in_native, id=31668, stack(0x000000a963500000,0x000000a963600000) (1024K)]


Current CompileTask:
C2:  14966 5400       4       org.springframework.core.annotation.TypeMappedAnnotations::get (8 bytes)

Stack: [0x000000a963500000,0x000000a963600000]
Native frames: (J=compiled Java code, j=interpreted, Vv=VM code, C=native code)
V  [jvm.dll+0x6ca6d9]
V  [jvm.dll+0x854f51]
V  [jvm.dll+0x85747e]
V  [jvm.dll+0x857b53]
V  [jvm.dll+0x27dcc6]
V  [jvm.dll+0xc4c2d]
V  [jvm.dll+0xc5163]
V  [jvm.dll+0x3b515c]
V  [jvm.dll+0x381855]
V  [jvm.dll+0x380cca]
V  [jvm.dll+0x246920]
V  [jvm.dll+0x245eff]
V  [jvm.dll+0x1c6d2e]
V  [jvm.dll+0x2554f9]
V  [jvm.dll+0x253a8a]
V  [jvm.dll+0x3ee576]
V  [jvm.dll+0x7ff2fb]
V  [jvm.dll+0x6c8dbd]
C  [ucrtbase.dll+0x29333]
C  [KERNEL32.DLL+0x1257d]
C  [ntdll.dll+0x5af28]


---------------  P R O C E S S  ---------------

Threads class SMR info:
_java_thread_list=0x0000020a7643c4c0, length=30, elements={
0x0000020a2d97bba0, 0x0000020a2d97cab0, 0x0000020a2d97e870, 0x0000020a2d97f4c0,
0x0000020a2d983030, 0x0000020a2d985a90, 0x0000020a2d986810, 0x0000020a2d9a1f40,
0x0000020a2db671c0, 0x0000020a2de1b290, 0x0000020a731aa350, 0x0000020a759cf5d0,
0x0000020a74555380, 0x0000020a766f4840, 0x0000020a788bd010, 0x0000020a788bbc60,
0x0000020a788baf40, 0x0000020a788bb5d0, 0x0000020a788bdd30, 0x0000020a788bc980,
0x0000020a788bd6a0, 0x0000020a788be3c0, 0x0000020a788bc2f0, 0x0000020a784308e0,
0x0000020a7842daf0, 0x0000020a7842b390, 0x0000020a7842e180, 0x0000020a7842e810,
0x0000020a7842c0b0, 0x0000020a7842c740
}

Java Threads: ( => current thread )
  0x0000020a2d97bba0 JavaThread "Reference Handler"          daemon [_thread_blocked, id=35432, stack(0x000000a962f00000,0x000000a963000000) (1024K)]
  0x0000020a2d97cab0 JavaThread "Finalizer"                  daemon [_thread_blocked, id=35312, stack(0x000000a963000000,0x000000a963100000) (1024K)]
  0x0000020a2d97e870 JavaThread "Signal Dispatcher"          daemon [_thread_blocked, id=36000, stack(0x000000a963100000,0x000000a963200000) (1024K)]
  0x0000020a2d97f4c0 JavaThread "Attach Listener"            daemon [_thread_blocked, id=8876, stack(0x000000a963200000,0x000000a963300000) (1024K)]
  0x0000020a2d983030 JavaThread "Service Thread"             daemon [_thread_blocked, id=33488, stack(0x000000a963300000,0x000000a963400000) (1024K)]
  0x0000020a2d985a90 JavaThread "Monitor Deflation Thread"   daemon [_thread_blocked, id=29864, stack(0x000000a963400000,0x000000a963500000) (1024K)]
=>0x0000020a2d986810 JavaThread "C2 CompilerThread0"         daemon [_thread_in_native, id=31668, stack(0x000000a963500000,0x000000a963600000) (1024K)]
  0x0000020a2d9a1f40 JavaThread "C1 CompilerThread0"         daemon [_thread_blocked, id=17816, stack(0x000000a963600000,0x000000a963700000) (1024K)]
  0x0000020a2db671c0 JavaThread "Common-Cleaner"             daemon [_thread_blocked, id=36408, stack(0x000000a963700000,0x000000a963800000) (1024K)]
  0x0000020a2de1b290 JavaThread "Monitor Ctrl-Break"         daemon [_thread_in_native, id=26972, stack(0x000000a963800000,0x000000a963900000) (1024K)]
  0x0000020a731aa350 JavaThread "Notification Thread"        daemon [_thread_blocked, id=32652, stack(0x000000a963900000,0x000000a963a00000) (1024K)]
  0x0000020a759cf5d0 JavaThread "Catalina-utility-1"                [_thread_blocked, id=22620, stack(0x000000a964100000,0x000000a964200000) (1024K)]
  0x0000020a74555380 JavaThread "Catalina-utility-2"                [_thread_blocked, id=33708, stack(0x000000a964500000,0x000000a964600000) (1024K)]
  0x0000020a766f4840 JavaThread "container-0"                       [_thread_blocked, id=22240, stack(0x000000a964600000,0x000000a964700000) (1024K)]
  0x0000020a788bd010 JavaThread "Cleaner-0"                  daemon [_thread_blocked, id=35856, stack(0x000000a964000000,0x000000a964100000) (1024K)]
  0x0000020a788bbc60 JavaThread "HikariPool-1:housekeeper"   daemon [_thread_blocked, id=12760, stack(0x000000a964700000,0x000000a964800000) (1024K)]
  0x0000020a788baf40 JavaThread "HikariPool-1:connection-adder" daemon [_thread_blocked, id=24780, stack(0x000000a964800000,0x000000a964900000) (1024K)]
  0x0000020a788bb5d0 JavaThread "http-nio-8080-exec-1"       daemon [_thread_blocked, id=26776, stack(0x000000a964900000,0x000000a964a00000) (1024K)]
  0x0000020a788bdd30 JavaThread "http-nio-8080-exec-2"       daemon [_thread_blocked, id=20104, stack(0x000000a964a00000,0x000000a964b00000) (1024K)]
  0x0000020a788bc980 JavaThread "http-nio-8080-exec-3"       daemon [_thread_blocked, id=3548, stack(0x000000a964b00000,0x000000a964c00000) (1024K)]
  0x0000020a788bd6a0 JavaThread "http-nio-8080-exec-4"       daemon [_thread_blocked, id=13228, stack(0x000000a964c00000,0x000000a964d00000) (1024K)]
  0x0000020a788be3c0 JavaThread "http-nio-8080-exec-5"       daemon [_thread_blocked, id=7428, stack(0x000000a964d00000,0x000000a964e00000) (1024K)]
  0x0000020a788bc2f0 JavaThread "http-nio-8080-exec-6"       daemon [_thread_blocked, id=33148, stack(0x000000a964e00000,0x000000a964f00000) (1024K)]
  0x0000020a784308e0 JavaThread "http-nio-8080-exec-7"       daemon [_thread_blocked, id=30116, stack(0x000000a964f00000,0x000000a965000000) (1024K)]
  0x0000020a7842daf0 JavaThread "http-nio-8080-exec-8"       daemon [_thread_blocked, id=31676, stack(0x000000a965000000,0x000000a965100000) (1024K)]
  0x0000020a7842b390 JavaThread "http-nio-8080-exec-9"       daemon [_thread_blocked, id=20440, stack(0x000000a965100000,0x000000a965200000) (1024K)]
  0x0000020a7842e180 JavaThread "http-nio-8080-exec-10"      daemon [_thread_blocked, id=36088, stack(0x000000a965200000,0x000000a965300000) (1024K)]
  0x0000020a7842e810 JavaThread "http-nio-8080-Poller"       daemon [_thread_in_native, id=3028, stack(0x000000a965300000,0x000000a965400000) (1024K)]
  0x0000020a7842c0b0 JavaThread "http-nio-8080-Acceptor"     daemon [_thread_in_native, id=22476, stack(0x000000a965400000,0x000000a965500000) (1024K)]
  0x0000020a7842c740 JavaThread "DestroyJavaVM"                     [_thread_blocked, id=30820, stack(0x000000a962700000,0x000000a962800000) (1024K)]
Total: 30

Other Threads:
  0x0000020a2d968120 VMThread "VM Thread"                           [id=36844, stack(0x000000a962e00000,0x000000a962f00000) (1024K)]
  0x0000020a2d956190 WatcherThread "VM Periodic Task Thread"        [id=13688, stack(0x000000a962d00000,0x000000a962e00000) (1024K)]
  0x0000020a113b7a70 WorkerThread "GC Thread#0"                     [id=29268, stack(0x000000a962800000,0x000000a962900000) (1024K)]
  0x0000020a733b3440 WorkerThread "GC Thread#1"                     [id=36680, stack(0x000000a963a00000,0x000000a963b00000) (1024K)]
  0x0000020a73af3f10 WorkerThread "GC Thread#2"                     [id=15940, stack(0x000000a963b00000,0x000000a963c00000) (1024K)]
  0x0000020a73b4ab90 WorkerThread "GC Thread#3"                     [id=24556, stack(0x000000a963c00000,0x000000a963d00000) (1024K)]
  0x0000020a73be7a90 WorkerThread "GC Thread#4"                     [id=23080, stack(0x000000a963d00000,0x000000a963e00000) (1024K)]
  0x0000020a73be7e30 WorkerThread "GC Thread#5"                     [id=17872, stack(0x000000a963e00000,0x000000a963f00000) (1024K)]
  0x0000020a73be85d0 WorkerThread "GC Thread#6"                     [id=19588, stack(0x000000a963f00000,0x000000a964000000) (1024K)]
  0x0000020a73c9b5b0 WorkerThread "GC Thread#7"                     [id=36600, stack(0x000000a964300000,0x000000a964400000) (1024K)]
  0x0000020a113c7a20 ConcurrentGCThread "G1 Main Marker"            [id=33848, stack(0x000000a962900000,0x000000a962a00000) (1024K)]
  0x0000020a113c86d0 WorkerThread "G1 Conc#0"                       [id=22064, stack(0x000000a962a00000,0x000000a962b00000) (1024K)]
  0x0000020a73c9c7d0 WorkerThread "G1 Conc#1"                       [id=30900, stack(0x000000a964400000,0x000000a964500000) (1024K)]
  0x0000020a1141e050 ConcurrentGCThread "G1 Refine#0"               [id=9280, stack(0x000000a962b00000,0x000000a962c00000) (1024K)]
  0x0000020a1141ebc0 ConcurrentGCThread "G1 Service"                [id=36540, stack(0x000000a962c00000,0x000000a962d00000) (1024K)]
Total: 15

Threads with active compile tasks:
C2 CompilerThread0    15001 5400       4       org.springframework.core.annotation.TypeMappedAnnotations::get (8 bytes)
Total: 1

VM state: not at safepoint (normal execution)

VM Mutex/Monitor currently owned by a thread: None

Heap address: 0x000000008c200000, size: 1854 MB, Compressed Oops mode: 32-bit

CDS archive(s) mapped at: [0x0000020a2e000000-0x0000020a2ec90000-0x0000020a2ec90000), size 13172736, SharedBaseAddress: 0x0000020a2e000000, ArchiveRelocationMode: 1.
Compressed class space mapped at: 0x0000020a2f000000-0x0000020a6f000000, reserved size: 1073741824
Narrow klass base: 0x0000020a2e000000, Narrow klass shift: 0, Narrow klass range: 0x100000000

GC Precious Log:
 CardTable entry size: 512
 Card Set container configuration: InlinePtr #cards 5 size 8 Array Of Cards #cards 12 size 40 Howl #buckets 4 coarsen threshold 1843 Howl Bitmap #cards 512 size 80 coarsen threshold 460 Card regions per heap region 1 cards per card region 2048
 CPUs: 8 total, 8 available
 Memory: 7413M
 Large Page Support: Disabled
 NUMA Support: Disabled
 Compressed Oops: Enabled (32-bit)
 Heap Region Size: 1M
 Heap Min Capacity: 8M
 Heap Initial Capacity: 116M
 Heap Max Capacity: 1854M
 Pre-touch: Disabled
 Parallel Workers: 8
 Concurrent Workers: 2
 Concurrent Refinement Workers: 8
 Periodic GC: Disabled

Heap:
 garbage-first heap   total 61440K, used 44043K [0x000000008c200000, 0x0000000100000000)
  region size 1024K, 18 young (18432K), 3 survivors (3072K)
 Metaspace       used 71652K, committed 72384K, reserved 1114112K
  class space    used 9845K, committed 10176K, reserved 1048576K

Heap Regions: E=young(eden), S=young(survivor), O=old, HS=humongous(starts), HC=humongous(continues), CS=collection set, F=free, TAMS=top-at-mark-start, PB=parsable bottom
|   0|0x000000008c200000, 0x000000008c300000, 0x000000008c300000|100%|HS|  |TAMS 0x000000008c200000| PB 0x000000008c200000| Complete 
|   1|0x000000008c300000, 0x000000008c400000, 0x000000008c400000|100%| O|  |TAMS 0x000000008c300000| PB 0x000000008c300000| Untracked 
|   2|0x000000008c400000, 0x000000008c500000, 0x000000008c500000|100%| O|  |TAMS 0x000000008c400000| PB 0x000000008c400000| Untracked 
|   3|0x000000008c500000, 0x000000008c600000, 0x000000008c600000|100%| O|  |TAMS 0x000000008c500000| PB 0x000000008c500000| Untracked 
|   4|0x000000008c600000, 0x000000008c700000, 0x000000008c700000|100%| O|  |TAMS 0x000000008c600000| PB 0x000000008c600000| Untracked 
|   5|0x000000008c700000, 0x000000008c800000, 0x000000008c800000|100%| O|  |TAMS 0x000000008c700000| PB 0x000000008c700000| Untracked 
|   6|0x000000008c800000, 0x000000008c900000, 0x000000008c900000|100%| O|  |TAMS 0x000000008c800000| PB 0x000000008c800000| Untracked 
|   7|0x000000008c900000, 0x000000008ca00000, 0x000000008ca00000|100%| O|  |TAMS 0x000000008c900000| PB 0x000000008c900000| Untracked 
|   8|0x000000008ca00000, 0x000000008cb00000, 0x000000008cb00000|100%| O|  |TAMS 0x000000008ca00000| PB 0x000000008ca00000| Untracked 
|   9|0x000000008cb00000, 0x000000008cc00000, 0x000000008cc00000|100%| O|  |TAMS 0x000000008cb00000| PB 0x000000008cb00000| Untracked 
|  10|0x000000008cc00000, 0x000000008cd00000, 0x000000008cd00000|100%| O|  |TAMS 0x000000008cc00000| PB 0x000000008cc00000| Untracked 
|  11|0x000000008cd00000, 0x000000008ce00000, 0x000000008ce00000|100%| O|  |TAMS 0x000000008cd00000| PB 0x000000008cd00000| Untracked 
|  12|0x000000008ce00000, 0x000000008cf00000, 0x000000008cf00000|100%| O|  |TAMS 0x000000008ce00000| PB 0x000000008ce00000| Untracked 
|  13|0x000000008cf00000, 0x000000008d000000, 0x000000008d000000|100%| O|  |TAMS 0x000000008cf00000| PB 0x000000008cf00000| Untracked 
|  14|0x000000008d000000, 0x000000008d100000, 0x000000008d100000|100%| O|  |TAMS 0x000000008d000000| PB 0x000000008d000000| Untracked 
|  15|0x000000008d100000, 0x000000008d200000, 0x000000008d200000|100%| O|  |TAMS 0x000000008d100000| PB 0x000000008d100000| Untracked 
|  16|0x000000008d200000, 0x000000008d300000, 0x000000008d300000|100%| O|  |TAMS 0x000000008d200000| PB 0x000000008d200000| Untracked 
|  17|0x000000008d300000, 0x000000008d300000, 0x000000008d400000|  0%| F|  |TAMS 0x000000008d300000| PB 0x000000008d300000| Untracked 
|  18|0x000000008d400000, 0x000000008d500000, 0x000000008d500000|100%| O|  |TAMS 0x000000008d400000| PB 0x000000008d400000| Untracked 
|  19|0x000000008d500000, 0x000000008d600000, 0x000000008d600000|100%| O|  |TAMS 0x000000008d500000| PB 0x000000008d500000| Untracked 
|  20|0x000000008d600000, 0x000000008d700000, 0x000000008d700000|100%| O|  |TAMS 0x000000008d600000| PB 0x000000008d600000| Untracked 
|  21|0x000000008d700000, 0x000000008d800000, 0x000000008d800000|100%| O|  |TAMS 0x000000008d700000| PB 0x000000008d700000| Untracked 
|  22|0x000000008d800000, 0x000000008d900000, 0x000000008d900000|100%| O|  |TAMS 0x000000008d800000| PB 0x000000008d800000| Untracked 
|  23|0x000000008d900000, 0x000000008da00000, 0x000000008da00000|100%| O|  |TAMS 0x000000008d900000| PB 0x000000008d900000| Untracked 
|  24|0x000000008da00000, 0x000000008db00000, 0x000000008db00000|100%| O|  |TAMS 0x000000008da00000| PB 0x000000008da00000| Untracked 
|  25|0x000000008db00000, 0x000000008dc00000, 0x000000008dc00000|100%| O|  |TAMS 0x000000008db00000| PB 0x000000008db00000| Untracked 
|  26|0x000000008dc00000, 0x000000008dc00000, 0x000000008dd00000|  0%| F|  |TAMS 0x000000008dc00000| PB 0x000000008dc00000| Untracked 
|  27|0x000000008dd00000, 0x000000008dd00000, 0x000000008de00000|  0%| F|  |TAMS 0x000000008dd00000| PB 0x000000008dd00000| Untracked 
|  28|0x000000008de00000, 0x000000008de00000, 0x000000008df00000|  0%| F|  |TAMS 0x000000008de00000| PB 0x000000008de00000| Untracked 
|  29|0x000000008df00000, 0x000000008df00000, 0x000000008e000000|  0%| F|  |TAMS 0x000000008df00000| PB 0x000000008df00000| Untracked 
|  30|0x000000008e000000, 0x000000008e100000, 0x000000008e100000|100%| O|  |TAMS 0x000000008e000000| PB 0x000000008e000000| Untracked 
|  31|0x000000008e100000, 0x000000008e19ee00, 0x000000008e200000| 62%| O|  |TAMS 0x000000008e100000| PB 0x000000008e100000| Untracked 
|  32|0x000000008e200000, 0x000000008e264078, 0x000000008e300000| 39%| S|CS|TAMS 0x000000008e200000| PB 0x000000008e200000| Complete 
|  33|0x000000008e300000, 0x000000008e400000, 0x000000008e400000|100%| S|CS|TAMS 0x000000008e300000| PB 0x000000008e300000| Complete 
|  34|0x000000008e400000, 0x000000008e500000, 0x000000008e500000|100%| S|CS|TAMS 0x000000008e400000| PB 0x000000008e400000| Complete 
|  35|0x000000008e500000, 0x000000008e500000, 0x000000008e600000|  0%| F|  |TAMS 0x000000008e500000| PB 0x000000008e500000| Untracked 
|  36|0x000000008e600000, 0x000000008e600000, 0x000000008e700000|  0%| F|  |TAMS 0x000000008e600000| PB 0x000000008e600000| Untracked 
|  37|0x000000008e700000, 0x000000008e700000, 0x000000008e800000|  0%| F|  |TAMS 0x000000008e700000| PB 0x000000008e700000| Untracked 
|  38|0x000000008e800000, 0x000000008e800000, 0x000000008e900000|  0%| F|  |TAMS 0x000000008e800000| PB 0x000000008e800000| Untracked 
|  39|0x000000008e900000, 0x000000008e900000, 0x000000008ea00000|  0%| F|  |TAMS 0x000000008e900000| PB 0x000000008e900000| Untracked 
|  40|0x000000008ea00000, 0x000000008ea00000, 0x000000008eb00000|  0%| F|  |TAMS 0x000000008ea00000| PB 0x000000008ea00000| Untracked 
|  41|0x000000008eb00000, 0x000000008eb00000, 0x000000008ec00000|  0%| F|  |TAMS 0x000000008eb00000| PB 0x000000008eb00000| Untracked 
|  42|0x000000008ec00000, 0x000000008ec00000, 0x000000008ed00000|  0%| F|  |TAMS 0x000000008ec00000| PB 0x000000008ec00000| Untracked 
|  43|0x000000008ed00000, 0x000000008ed00000, 0x000000008ee00000|  0%| F|  |TAMS 0x000000008ed00000| PB 0x000000008ed00000| Untracked 
|  44|0x000000008ee00000, 0x000000008ee00000, 0x000000008ef00000|  0%| F|  |TAMS 0x000000008ee00000| PB 0x000000008ee00000| Untracked 
|  45|0x000000008ef00000, 0x000000008ef9f3f8, 0x000000008f000000| 62%| E|  |TAMS 0x000000008ef00000| PB 0x000000008ef00000| Complete 
|  46|0x000000008f000000, 0x000000008f100000, 0x000000008f100000|100%| E|CS|TAMS 0x000000008f000000| PB 0x000000008f000000| Complete 
|  47|0x000000008f100000, 0x000000008f200000, 0x000000008f200000|100%| E|CS|TAMS 0x000000008f100000| PB 0x000000008f100000| Complete 
|  48|0x000000008f200000, 0x000000008f300000, 0x000000008f300000|100%| E|CS|TAMS 0x000000008f200000| PB 0x000000008f200000| Complete 
|  49|0x000000008f300000, 0x000000008f400000, 0x000000008f400000|100%| E|CS|TAMS 0x000000008f300000| PB 0x000000008f300000| Complete 
|  50|0x000000008f400000, 0x000000008f500000, 0x000000008f500000|100%| E|CS|TAMS 0x000000008f400000| PB 0x000000008f400000| Complete 
|  51|0x000000008f500000, 0x000000008f600000, 0x000000008f600000|100%| E|CS|TAMS 0x000000008f500000| PB 0x000000008f500000| Complete 
|  52|0x000000008f600000, 0x000000008f700000, 0x000000008f700000|100%| E|CS|TAMS 0x000000008f600000| PB 0x000000008f600000| Complete 
|  73|0x0000000090b00000, 0x0000000090c00000, 0x0000000090c00000|100%| E|CS|TAMS 0x0000000090b00000| PB 0x0000000090b00000| Complete 
|  74|0x0000000090c00000, 0x0000000090d00000, 0x0000000090d00000|100%| E|CS|TAMS 0x0000000090c00000| PB 0x0000000090c00000| Complete 
|  75|0x0000000090d00000, 0x0000000090e00000, 0x0000000090e00000|100%| E|CS|TAMS 0x0000000090d00000| PB 0x0000000090d00000| Complete 
|  76|0x0000000090e00000, 0x0000000090f00000, 0x0000000090f00000|100%| E|CS|TAMS 0x0000000090e00000| PB 0x0000000090e00000| Complete 
|  77|0x0000000090f00000, 0x0000000091000000, 0x0000000091000000|100%| E|CS|TAMS 0x0000000090f00000| PB 0x0000000090f00000| Complete 
|  78|0x0000000091000000, 0x0000000091100000, 0x0000000091100000|100%| E|CS|TAMS 0x0000000091000000| PB 0x0000000091000000| Complete 
| 115|0x0000000093500000, 0x0000000093600000, 0x0000000093600000|100%| E|CS|TAMS 0x0000000093500000| PB 0x0000000093500000| Complete 

Card table byte_map: [0x0000020a28eb0000,0x0000020a29250000] _byte_map_base: 0x0000020a28a4f000

Marking Bits: (CMBitMap*) 0x0000020a113b8980
 Bits: [0x0000020a29250000, 0x0000020a2af48000)

Polling page: 0x0000020a10b20000

Metaspace:

Usage:
  Non-class:     60.36 MB used.
      Class:      9.61 MB used.
       Both:     69.97 MB used.

Virtual space:
  Non-class space:       64.00 MB reserved,      60.75 MB ( 95%) committed,  1 nodes.
      Class space:        1.00 GB reserved,       9.94 MB ( <1%) committed,  1 nodes.
             Both:        1.06 GB reserved,      70.69 MB (  6%) committed. 

Chunk freelists:
   Non-Class:  3.03 MB
       Class:  6.03 MB
        Both:  9.06 MB

MaxMetaspaceSize: unlimited
CompressedClassSpaceSize: 1.00 GB
Initial GC threshold: 21.00 MB
Current GC threshold: 98.06 MB
CDS: on
 - commit_granule_bytes: 65536.
 - commit_granule_words: 8192.
 - virtual_space_node_default_size: 8388608.
 - enlarge_chunks_in_place: 1.
 - use_allocation_guard: 0.


Internal statistics:

num_allocs_failed_limit: 9.
num_arena_births: 1066.
num_arena_deaths: 0.
num_vsnodes_births: 2.
num_vsnodes_deaths: 0.
num_space_committed: 1131.
num_space_uncommitted: 0.
num_chunks_returned_to_freelist: 9.
num_chunks_taken_from_freelist: 3685.
num_chunk_merges: 6.
num_chunk_splits: 2677.
num_chunks_enlarged: 2118.
num_inconsistent_stats: 0.

CodeHeap 'non-profiled nmethods': size=120000Kb used=3497Kb max_used=3497Kb free=116503Kb
 bounds [0x0000020a212b0000, 0x0000020a21620000, 0x0000020a287e0000]
CodeHeap 'profiled nmethods': size=120000Kb used=9889Kb max_used=9889Kb free=110110Kb
 bounds [0x0000020a197e0000, 0x0000020a1a190000, 0x0000020a20d10000]
CodeHeap 'non-nmethods': size=5760Kb used=1692Kb max_used=1739Kb free=4067Kb
 bounds [0x0000020a20d10000, 0x0000020a20f80000, 0x0000020a212b0000]
 total_blobs=5875 nmethods=5153 adapters=626
 compilation: enabled
              stopped_count=0, restarted_count=0
 full_count=0

Compilation events (20 events):
Event: 14.825 Thread 0x0000020a2d986810 nmethod 5399 0x0000020a21615b90 code [0x0000020a21615d20, 0x0000020a21615f48]
Event: 14.825 Thread 0x0000020a2d986810 5401       4       java.lang.reflect.Method::getDeclaredAnnotations (5 bytes)
Event: 14.841 Thread 0x0000020a2d986810 nmethod 5401 0x0000020a21616090 code [0x0000020a216162c0, 0x0000020a21616d88]
Event: 14.841 Thread 0x0000020a2d986810 5720       4       java.lang.invoke.DirectMethodHandle$Holder::invokeSpecial (15 bytes)
Event: 14.842 Thread 0x0000020a2d986810 nmethod 5720 0x0000020a21617290 code [0x0000020a21617420, 0x0000020a21617508]
Event: 14.842 Thread 0x0000020a2d986810 5516       4       sun.reflect.generics.reflectiveObjects.ParameterizedTypeImpl::getRawType (5 bytes)
Event: 14.843 Thread 0x0000020a2d986810 nmethod 5516 0x0000020a21617610 code [0x0000020a216177a0, 0x0000020a21617830]
Event: 14.843 Thread 0x0000020a2d986810 5521       4       java.lang.reflect.AccessibleObject::verifyAccess (55 bytes)
Event: 14.845 Thread 0x0000020a2d986810 nmethod 5521 0x0000020a21617910 code [0x0000020a21617ac0, 0x0000020a21617c38]
Event: 14.845 Thread 0x0000020a2d986810 5514       4       java.lang.reflect.AccessibleObject::checkAccess (40 bytes)
Event: 14.848 Thread 0x0000020a2d986810 nmethod 5514 0x0000020a21617d90 code [0x0000020a21617f40, 0x0000020a216180f8]
Event: 14.848 Thread 0x0000020a2d986810 5522       4       java.lang.reflect.Method::isCallerSensitive (38 bytes)
Event: 14.849 Thread 0x0000020a2d986810 nmethod 5522 0x0000020a21618290 code [0x0000020a21618420, 0x0000020a21618520]
Event: 14.849 Thread 0x0000020a2d986810 5517       4       jdk.internal.reflect.DirectMethodHandleAccessor::checkArgumentCount (53 bytes)
Event: 14.850 Thread 0x0000020a2d986810 nmethod 5517 0x0000020a21618610 code [0x0000020a216187a0, 0x0000020a21618838]
Event: 14.850 Thread 0x0000020a2d986810 5518   !   4       jdk.internal.reflect.DirectMethodHandleAccessor::invoke (92 bytes)
Event: 14.865 Thread 0x0000020a2d986810 nmethod 5518 0x0000020a21618910 code [0x0000020a21618c00, 0x0000020a216196e8]
Event: 14.865 Thread 0x0000020a2d986810 5255       4       org.springframework.core.annotation.TypeMappedAnnotations$MergedAnnotationFinder::finish (9 bytes)
Event: 14.866 Thread 0x0000020a2d986810 nmethod 5255 0x0000020a2161a110 code [0x0000020a2161a2a0, 0x0000020a2161a360]
Event: 14.866 Thread 0x0000020a2d986810 5400       4       org.springframework.core.annotation.TypeMappedAnnotations::get (8 bytes)

GC Heap History (20 events):
Event: 4.136 GC heap before
{Heap before GC invocations=4 (full 0):
 garbage-first heap   total 51200K, used 36716K [0x000000008c200000, 0x0000000100000000)
  region size 1024K, 30 young (30720K), 6 survivors (6144K)
 Metaspace       used 24589K, committed 25024K, reserved 1114112K
  class space    used 3107K, committed 3328K, reserved 1048576K
}
Event: 4.145 GC heap after
{Heap after GC invocations=5 (full 0):
 garbage-first heap   total 51200K, used 15516K [0x000000008c200000, 0x0000000100000000)
  region size 1024K, 3 young (3072K), 3 survivors (3072K)
 Metaspace       used 24589K, committed 25024K, reserved 1114112K
  class space    used 3107K, committed 3328K, reserved 1048576K
}
Event: 4.983 GC heap before
{Heap before GC invocations=5 (full 0):
 garbage-first heap   total 51200K, used 39068K [0x000000008c200000, 0x0000000100000000)
  region size 1024K, 26 young (26624K), 3 survivors (3072K)
 Metaspace       used 29403K, committed 29888K, reserved 1114112K
  class space    used 3751K, committed 3968K, reserved 1048576K
}
Event: 4.993 GC heap after
{Heap after GC invocations=6 (full 0):
 garbage-first heap   total 51200K, used 17698K [0x000000008c200000, 0x0000000100000000)
  region size 1024K, 3 young (3072K), 3 survivors (3072K)
 Metaspace       used 29403K, committed 29888K, reserved 1114112K
  class space    used 3751K, committed 3968K, reserved 1048576K
}
Event: 5.937 GC heap before
{Heap before GC invocations=6 (full 0):
 garbage-first heap   total 51200K, used 39202K [0x000000008c200000, 0x0000000100000000)
  region size 1024K, 25 young (25600K), 3 survivors (3072K)
 Metaspace       used 34578K, committed 35200K, reserved 1114112K
  class space    used 4391K, committed 4672K, reserved 1048576K
}
Event: 5.941 GC heap after
{Heap after GC invocations=7 (full 0):
 garbage-first heap   total 51200K, used 20434K [0x000000008c200000, 0x0000000100000000)
  region size 1024K, 3 young (3072K), 3 survivors (3072K)
 Metaspace       used 34578K, committed 35200K, reserved 1114112K
  class space    used 4391K, committed 4672K, reserved 1048576K
}
Event: 6.082 GC heap before
{Heap before GC invocations=7 (full 0):
 garbage-first heap   total 51200K, used 22482K [0x000000008c200000, 0x0000000100000000)
  region size 1024K, 6 young (6144K), 3 survivors (3072K)
 Metaspace       used 35385K, committed 35968K, reserved 1114112K
  class space    used 4494K, committed 4800K, reserved 1048576K
}
Event: 6.085 GC heap after
{Heap after GC invocations=8 (full 0):
 garbage-first heap   total 51200K, used 20725K [0x000000008c200000, 0x0000000100000000)
  region size 1024K, 1 young (1024K), 1 survivors (1024K)
 Metaspace       used 35385K, committed 35968K, reserved 1114112K
  class space    used 4494K, committed 4800K, reserved 1048576K
}
Event: 7.525 GC heap before
{Heap before GC invocations=9 (full 0):
 garbage-first heap   total 51200K, used 42229K [0x000000008c200000, 0x0000000100000000)
  region size 1024K, 22 young (22528K), 1 survivors (1024K)
 Metaspace       used 41102K, committed 41728K, reserved 1114112K
  class space    used 5534K, committed 5824K, reserved 1048576K
}
Event: 7.529 GC heap after
{Heap after GC invocations=10 (full 0):
 garbage-first heap   total 61440K, used 22227K [0x000000008c200000, 0x0000000100000000)
  region size 1024K, 2 young (2048K), 2 survivors (2048K)
 Metaspace       used 41102K, committed 41728K, reserved 1114112K
  class space    used 5534K, committed 5824K, reserved 1048576K
}
Event: 9.423 GC heap before
{Heap before GC invocations=10 (full 0):
 garbage-first heap   total 61440K, used 50899K [0x000000008c200000, 0x0000000100000000)
  region size 1024K, 31 young (31744K), 2 survivors (2048K)
 Metaspace       used 49875K, committed 50560K, reserved 1114112K
  class space    used 6665K, committed 6976K, reserved 1048576K
}
Event: 9.427 GC heap after
{Heap after GC invocations=11 (full 0):
 garbage-first heap   total 61440K, used 23844K [0x000000008c200000, 0x0000000100000000)
  region size 1024K, 4 young (4096K), 4 survivors (4096K)
 Metaspace       used 49875K, committed 50560K, reserved 1114112K
  class space    used 6665K, committed 6976K, reserved 1048576K
}
Event: 10.577 GC heap before
{Heap before GC invocations=11 (full 0):
 garbage-first heap   total 61440K, used 52516K [0x000000008c200000, 0x0000000100000000)
  region size 1024K, 32 young (32768K), 4 survivors (4096K)
 Metaspace       used 58094K, committed 58752K, reserved 1114112K
  class space    used 7836K, committed 8128K, reserved 1048576K
}
Event: 10.582 GC heap after
{Heap after GC invocations=12 (full 0):
 garbage-first heap   total 61440K, used 25553K [0x000000008c200000, 0x0000000100000000)
  region size 1024K, 4 young (4096K), 4 survivors (4096K)
 Metaspace       used 58094K, committed 58752K, reserved 1114112K
  class space    used 7836K, committed 8128K, reserved 1048576K
}
Event: 10.743 GC heap before
{Heap before GC invocations=12 (full 0):
 garbage-first heap   total 61440K, used 30673K [0x000000008c200000, 0x0000000100000000)
  region size 1024K, 10 young (10240K), 4 survivors (4096K)
 Metaspace       used 59448K, committed 60096K, reserved 1114112K
  class space    used 8101K, committed 8384K, reserved 1048576K
}
Event: 10.746 GC heap after
{Heap after GC invocations=13 (full 0):
 garbage-first heap   total 61440K, used 25702K [0x000000008c200000, 0x0000000100000000)
  region size 1024K, 2 young (2048K), 2 survivors (2048K)
 Metaspace       used 59448K, committed 60096K, reserved 1114112K
  class space    used 8101K, committed 8384K, reserved 1048576K
}
Event: 12.024 GC heap before
{Heap before GC invocations=14 (full 0):
 garbage-first heap   total 61440K, used 54374K [0x000000008c200000, 0x0000000100000000)
  region size 1024K, 30 young (30720K), 2 survivors (2048K)
 Metaspace       used 65345K, committed 66048K, reserved 1114112K
  class space    used 9026K, committed 9344K, reserved 1048576K
}
Event: 12.028 GC heap after
{Heap after GC invocations=15 (full 0):
 garbage-first heap   total 61440K, used 27859K [0x000000008c200000, 0x0000000100000000)
  region size 1024K, 4 young (4096K), 4 survivors (4096K)
 Metaspace       used 65345K, committed 66048K, reserved 1114112K
  class space    used 9026K, committed 9344K, reserved 1048576K
}
Event: 13.489 GC heap before
{Heap before GC invocations=15 (full 0):
 garbage-first heap   total 61440K, used 52435K [0x000000008c200000, 0x0000000100000000)
  region size 1024K, 29 young (29696K), 4 survivors (4096K)
 Metaspace       used 69386K, committed 70208K, reserved 1114112K
  class space    used 9564K, committed 9920K, reserved 1048576K
}
Event: 13.495 GC heap after
{Heap after GC invocations=16 (full 0):
 garbage-first heap   total 61440K, used 29707K [0x000000008c200000, 0x0000000100000000)
  region size 1024K, 3 young (3072K), 3 survivors (3072K)
 Metaspace       used 69386K, committed 70208K, reserved 1114112K
  class space    used 9564K, committed 9920K, reserved 1048576K
}

Dll operation events (12 events):
Event: 0.092 Loaded shared library C:\Program Files\Java\jdk-21\bin\java.dll
Event: 0.226 Loaded shared library C:\Program Files\Java\jdk-21\bin\jsvml.dll
Event: 0.548 Loaded shared library C:\Program Files\Java\jdk-21\bin\zip.dll
Event: 0.557 Loaded shared library C:\Program Files\Java\jdk-21\bin\instrument.dll
Event: 0.566 Loaded shared library C:\Program Files\Java\jdk-21\bin\net.dll
Event: 0.569 Loaded shared library C:\Program Files\Java\jdk-21\bin\nio.dll
Event: 0.574 Loaded shared library C:\Program Files\Java\jdk-21\bin\zip.dll
Event: 0.880 Loaded shared library C:\Program Files\Java\jdk-21\bin\extnet.dll
Event: 0.982 Loaded shared library C:\Program Files\Java\jdk-21\bin\jimage.dll
Event: 3.555 Loaded shared library C:\Program Files\Java\jdk-21\bin\sunmscapi.dll
Event: 5.444 Loaded shared library C:\Program Files\Java\jdk-21\bin\management.dll
Event: 5.448 Loaded shared library C:\Program Files\Java\jdk-21\bin\management_ext.dll

Deoptimization events (20 events):
Event: 14.175 Thread 0x0000020a0f16ca50 Uncommon trap: trap_request=0xffffffc6 fr.pc=0x0000020a21313ce0 relative=0x0000000000000e80
Event: 14.175 Thread 0x0000020a0f16ca50 Uncommon trap: reason=bimorphic_or_optimized_type_check action=maybe_recompile pc=0x0000020a21313ce0 method=java.util.Collections$SetFromMap.add(Ljava/lang/Object;)Z @ 8 c2
Event: 14.175 Thread 0x0000020a0f16ca50 DEOPT PACKING pc=0x0000020a21313ce0 sp=0x000000a9627fe730
Event: 14.175 Thread 0x0000020a0f16ca50 DEOPT UNPACKING pc=0x0000020a20d646a2 sp=0x000000a9627fe730 mode 2
Event: 14.182 Thread 0x0000020a0f16ca50 Uncommon trap: trap_request=0xffffffde fr.pc=0x0000020a2144f974 relative=0x00000000000002b4
Event: 14.182 Thread 0x0000020a0f16ca50 Uncommon trap: reason=class_check action=maybe_recompile pc=0x0000020a2144f974 method=org.springframework.core.ResolvableType.resolveType()Lorg/springframework/core/ResolvableType; @ 44 c2
Event: 14.182 Thread 0x0000020a0f16ca50 DEOPT PACKING pc=0x0000020a2144f974 sp=0x000000a9627fe960
Event: 14.182 Thread 0x0000020a0f16ca50 DEOPT UNPACKING pc=0x0000020a20d646a2 sp=0x000000a9627fe8f8 mode 2
Event: 14.182 Thread 0x0000020a0f16ca50 Uncommon trap: trap_request=0xffffffde fr.pc=0x0000020a2144f974 relative=0x00000000000002b4
Event: 14.182 Thread 0x0000020a0f16ca50 Uncommon trap: reason=class_check action=maybe_recompile pc=0x0000020a2144f974 method=org.springframework.core.ResolvableType.resolveType()Lorg/springframework/core/ResolvableType; @ 44 c2
Event: 14.182 Thread 0x0000020a0f16ca50 DEOPT PACKING pc=0x0000020a2144f974 sp=0x000000a9627feaa0
Event: 14.182 Thread 0x0000020a0f16ca50 DEOPT UNPACKING pc=0x0000020a20d646a2 sp=0x000000a9627fea38 mode 2
Event: 14.183 Thread 0x0000020a0f16ca50 Uncommon trap: trap_request=0xffffffde fr.pc=0x0000020a2144f974 relative=0x00000000000002b4
Event: 14.183 Thread 0x0000020a0f16ca50 Uncommon trap: reason=class_check action=maybe_recompile pc=0x0000020a2144f974 method=org.springframework.core.ResolvableType.resolveType()Lorg/springframework/core/ResolvableType; @ 44 c2
Event: 14.183 Thread 0x0000020a0f16ca50 DEOPT PACKING pc=0x0000020a2144f974 sp=0x000000a9627feaa0
Event: 14.183 Thread 0x0000020a0f16ca50 DEOPT UNPACKING pc=0x0000020a20d646a2 sp=0x000000a9627fea38 mode 2
Event: 14.183 Thread 0x0000020a0f16ca50 Uncommon trap: trap_request=0xffffffde fr.pc=0x0000020a2144f974 relative=0x00000000000002b4
Event: 14.183 Thread 0x0000020a0f16ca50 Uncommon trap: reason=class_check action=maybe_recompile pc=0x0000020a2144f974 method=org.springframework.core.ResolvableType.resolveType()Lorg/springframework/core/ResolvableType; @ 44 c2
Event: 14.183 Thread 0x0000020a0f16ca50 DEOPT PACKING pc=0x0000020a2144f974 sp=0x000000a9627fe9e0
Event: 14.183 Thread 0x0000020a0f16ca50 DEOPT UNPACKING pc=0x0000020a20d646a2 sp=0x000000a9627fe978 mode 2

Classes loaded (20 events):
Event: 14.148 Loading class java/nio/BufferMismatch
Event: 14.149 Loading class java/nio/BufferMismatch done
Event: 14.149 Loading class sun/nio/ch/SourceChannelImpl
Event: 14.151 Loading class java/nio/channels/Pipe$SourceChannel
Event: 14.151 Loading class java/nio/channels/Pipe$SourceChannel done
Event: 14.151 Loading class sun/nio/ch/SourceChannelImpl done
Event: 14.151 Loading class sun/nio/ch/SinkChannelImpl
Event: 14.153 Loading class java/nio/channels/Pipe$SinkChannel
Event: 14.153 Loading class java/nio/channels/Pipe$SinkChannel done
Event: 14.153 Loading class sun/nio/ch/SinkChannelImpl done
Event: 14.156 Loading class java/nio/channels/spi/AbstractSelector$1
Event: 14.157 Loading class java/nio/channels/spi/AbstractSelector$1 done
Event: 14.161 Loading class java/util/TreeMap$ValueSpliterator
Event: 14.161 Loading class java/util/TreeMap$TreeMapSpliterator
Event: 14.161 Loading class java/util/TreeMap$TreeMapSpliterator done
Event: 14.161 Loading class java/util/TreeMap$ValueSpliterator done
Event: 14.185 Loading class java/util/IdentityHashMap$KeySpliterator
Event: 14.185 Loading class java/util/IdentityHashMap$IdentityHashMapSpliterator
Event: 14.186 Loading class java/util/IdentityHashMap$IdentityHashMapSpliterator done
Event: 14.186 Loading class java/util/IdentityHashMap$KeySpliterator done

Classes unloaded (0 events):
No events

Classes redefined (0 events):
No events

Internal exceptions (20 events):
Event: 10.928 Thread 0x0000020a0f16ca50 Exception <a 'java/lang/IncompatibleClassChangeError'{0x000000008f56fd70}: Found class java.lang.Object, but interface was expected> (0x000000008f56fd70) 
thrown [s\open\src\hotspot\share\interpreter\linkResolver.cpp, line 840]
Event: 10.959 Thread 0x0000020a0f16ca50 Exception <a 'java/lang/NoSuchMethodError'{0x000000008f4d57c8}: 'int java.lang.invoke.DirectMethodHandle$Holder.invokeStatic(java.lang.Object, int, java.lang.Object)'> (0x000000008f4d57c8) 
thrown [s\open\src\hotspot\share\interpreter\linkResolver.cpp, line 773]
Event: 10.965 Thread 0x0000020a0f16ca50 Exception <a 'java/lang/NoSuchMethodError'{0x000000008f31fa08}: 'java.lang.Object java.lang.invoke.DirectMethodHandle$Holder.newInvokeSpecial(java.lang.Object, java.lang.Object, java.lang.Object, java.lang.Object, java.lang.Object, java.lang.Object, java.lang.Object, java.lang.Object, java.lang.Object, java.lang.Object, java.lang.Object, java.lang.Object)'> (0x000000008f31fa08) 
thrown [s\open\src\hotspot\share\interpreter\linkResolver.cpp, line 773]
Event: 10.966 Thread 0x0000020a0f16ca50 Exception <a 'java/lang/NoSuchMethodError'{0x000000008f3242b0}: 'java.lang.Object java.lang.invoke.DirectMethodHandle$Holder.invokeSpecial(java.lang.Object, java.lang.Object, java.lang.Object, java.lang.Object, java.lang.Object, java.lang.Object, java.lang.Object, java.lang.Object, java.lang.Object, java.lang.Object, java.lang.Object, java.lang.Object, java.lang.Object)'> (0x000000008f3242b0) 
thrown [s\open\src\hotspot\share\interpreter\linkResolver.cpp, line 773]
Event: 10.966 Thread 0x0000020a0f16ca50 Exception <a 'java/lang/NoSuchMethodError'{0x000000008f328750}: 'java.lang.Object java.lang.invoke.Invokers$Holder.linkToTargetMethod(java.lang.Object, java.lang.Object, java.lang.Object, java.lang.Object, java.lang.Object, java.lang.Object, java.lang.Object, java.lang.Object, java.lang.Object, java.lang.Object, java.lang.Object, java.lang.Object)'> (0x000000008f328750) 
thrown [s\open\src\hotspot\share\interpreter\linkResolver.cpp, line 773]
Event: 11.012 Thread 0x0000020a0f16ca50 Exception <a 'java/lang/IncompatibleClassChangeError'{0x000000008f2d2778}: Found class java.lang.Object, but interface was expected> (0x000000008f2d2778) 
thrown [s\open\src\hotspot\share\interpreter\linkResolver.cpp, line 840]
Event: 11.056 Thread 0x0000020a0f16ca50 Exception <a 'java/lang/NoSuchMethodError'{0x000000008f067190}: 'java.lang.Object java.lang.invoke.DirectMethodHandle$Holder.newInvokeSpecial(java.lang.Object, java.lang.Object, int, java.lang.Object, int, java.lang.Object, java.lang.Object)'> (0x000000008f067190) 
thrown [s\open\src\hotspot\share\interpreter\linkResolver.cpp, line 773]
Event: 11.529 Thread 0x0000020a0f16ca50 Exception <a 'java/lang/NoSuchMethodError'{0x000000008eae96b8}: 'void java.lang.invoke.Invokers$Holder.invokeExact_MT(java.lang.Object, java.lang.Object, java.lang.Object, java.lang.Object)'> (0x000000008eae96b8) 
thrown [s\open\src\hotspot\share\interpreter\linkResolver.cpp, line 773]
Event: 11.590 Thread 0x0000020a0f16ca50 Implicit null exception at 0x0000020a212ca6f7 to 0x0000020a212ca968
Event: 11.622 Thread 0x0000020a0f16ca50 Implicit null exception at 0x0000020a21530dcc to 0x0000020a21532824
Event: 11.631 Thread 0x0000020a0f16ca50 Exception <a 'java/lang/IncompatibleClassChangeError'{0x000000008e762b80}: Found class java.lang.Object, but interface was expected> (0x000000008e762b80) 
thrown [s\open\src\hotspot\share\interpreter\linkResolver.cpp, line 840]
Event: 11.708 Thread 0x0000020a0f16ca50 Exception <a 'java/lang/IncompatibleClassChangeError'{0x000000008e6f2750}: Found class java.lang.Object, but interface was expected> (0x000000008e6f2750) 
thrown [s\open\src\hotspot\share\interpreter\linkResolver.cpp, line 840]
Event: 12.207 Thread 0x0000020a0f16ca50 Exception <a 'java/lang/IncompatibleClassChangeError'{0x0000000090e75508}: Found class java.lang.Object, but interface was expected> (0x0000000090e75508) 
thrown [s\open\src\hotspot\share\interpreter\linkResolver.cpp, line 840]
Event: 12.515 Thread 0x0000020a0f16ca50 Exception <a 'java/lang/NoSuchMethodError'{0x000000008f4da6f8}: 'java.lang.Object java.lang.invoke.DirectMethodHandle$Holder.invokeVirtual(java.lang.Object, java.lang.Object, java.lang.Object, int)'> (0x000000008f4da6f8) 
thrown [s\open\src\hotspot\share\interpreter\linkResolver.cpp, line 773]
Event: 13.269 Thread 0x0000020a0f16ca50 Exception <a 'java/lang/NoSuchMethodError'{0x000000008e743000}: 'java.lang.Object java.lang.invoke.DirectMethodHandle$Holder.invokeInterface(java.lang.Object, java.lang.Object, java.lang.Object, java.lang.Object)'> (0x000000008e743000) 
thrown [s\open\src\hotspot\share\interpreter\linkResolver.cpp, line 773]
Event: 13.447 Thread 0x0000020a0f16ca50 Exception <a 'java/lang/NoSuchMethodError'{0x000000008e5ad160}: 'java.lang.Object java.lang.invoke.DirectMethodHandle$Holder.invokeVirtual(java.lang.Object, java.lang.Object, int)'> (0x000000008e5ad160) 
thrown [s\open\src\hotspot\share\interpreter\linkResolver.cpp, line 773]
Event: 13.623 Thread 0x0000020a0f16ca50 Exception <a 'java/lang/IncompatibleClassChangeError'{0x0000000090f57100}: Found class java.lang.Object, but interface was expected> (0x0000000090f57100) 
thrown [s\open\src\hotspot\share\interpreter\linkResolver.cpp, line 840]
Event: 13.941 Thread 0x0000020a0f16ca50 Exception <a 'java/lang/IncompatibleClassChangeError'{0x000000008f6e1d38}: Found class java.lang.Object, but interface was expected> (0x000000008f6e1d38) 
thrown [s\open\src\hotspot\share\interpreter\linkResolver.cpp, line 840]
Event: 13.953 Thread 0x0000020a0f16ca50 Implicit null exception at 0x0000020a2140a642 to 0x0000020a2140a6b8
Event: 14.107 Thread 0x0000020a0f16ca50 Exception <a 'java/lang/NoSuchMethodError'{0x000000008f104cd8}: 'java.lang.Object java.lang.invoke.DirectMethodHandle$Holder.newInvokeSpecial(java.lang.Object, java.lang.Object, int, java.lang.Object, java.lang.Object)'> (0x000000008f104cd8) 
thrown [s\open\src\hotspot\share\interpreter\linkResolver.cpp, line 773]

ZGC Phase Switch (0 events):
No events

VM Operations (20 events):
Event: 12.024 Executing VM operation: G1CollectForAllocation (G1 Evacuation Pause)
Event: 12.028 Executing VM operation: G1CollectForAllocation (G1 Evacuation Pause) done
Event: 12.363 Executing VM operation: HandshakeAllThreads (Deoptimize)
Event: 12.363 Executing VM operation: HandshakeAllThreads (Deoptimize) done
Event: 13.342 Executing VM operation: HandshakeAllThreads (Deoptimize)
Event: 13.342 Executing VM operation: HandshakeAllThreads (Deoptimize) done
Event: 13.342 Executing VM operation: Cleanup
Event: 13.342 Executing VM operation: Cleanup done
Event: 13.489 Executing VM operation: G1CollectForAllocation (G1 Evacuation Pause)
Event: 13.495 Executing VM operation: G1CollectForAllocation (G1 Evacuation Pause) done
Event: 13.572 Executing VM operation: HandshakeAllThreads (Deoptimize)
Event: 13.572 Executing VM operation: HandshakeAllThreads (Deoptimize) done
Event: 13.574 Executing VM operation: HandshakeAllThreads (Deoptimize)
Event: 13.574 Executing VM operation: HandshakeAllThreads (Deoptimize) done
Event: 13.641 Executing VM operation: HandshakeAllThreads (Deoptimize)
Event: 13.641 Executing VM operation: HandshakeAllThreads (Deoptimize) done
Event: 13.738 Executing VM operation: HandshakeAllThreads (Deoptimize)
Event: 13.738 Executing VM operation: HandshakeAllThreads (Deoptimize) done
Event: 14.747 Executing VM operation: Cleanup
Event: 14.747 Executing VM operation: Cleanup done

Events (20 events):
Event: 10.767 Thread 0x0000020a2d968120 flushing nmethod 0x0000020a19dd0c90
Event: 10.767 Thread 0x0000020a2d968120 flushing nmethod 0x0000020a19dd3110
Event: 10.767 Thread 0x0000020a2d968120 flushing nmethod 0x0000020a19e74c90
Event: 10.767 Thread 0x0000020a2d968120 flushing nmethod 0x0000020a19f2ac10
Event: 10.767 Thread 0x0000020a2d968120 flushing nmethod 0x0000020a19f2c010
Event: 10.767 Thread 0x0000020a2d968120 flushing nmethod 0x0000020a19f38190
Event: 14.127 Thread 0x0000020a788bb5d0 Thread added: 0x0000020a788bb5d0
Event: 14.127 Thread 0x0000020a788bdd30 Thread added: 0x0000020a788bdd30
Event: 14.127 Thread 0x0000020a788bc980 Thread added: 0x0000020a788bc980
Event: 14.127 Thread 0x0000020a788bd6a0 Thread added: 0x0000020a788bd6a0
Event: 14.127 Thread 0x0000020a788be3c0 Thread added: 0x0000020a788be3c0
Event: 14.127 Thread 0x0000020a788bc2f0 Thread added: 0x0000020a788bc2f0
Event: 14.127 Thread 0x0000020a784308e0 Thread added: 0x0000020a784308e0
Event: 14.127 Thread 0x0000020a7842daf0 Thread added: 0x0000020a7842daf0
Event: 14.128 Thread 0x0000020a7842b390 Thread added: 0x0000020a7842b390
Event: 14.128 Thread 0x0000020a7842e180 Thread added: 0x0000020a7842e180
Event: 14.156 Thread 0x0000020a7842e810 Thread added: 0x0000020a7842e810
Event: 14.159 Thread 0x0000020a7842c0b0 Thread added: 0x0000020a7842c0b0
Event: 14.189 Thread 0x0000020a0f16ca50 Thread exited: 0x0000020a0f16ca50
Event: 14.189 Thread 0x0000020a7842c740 Thread added: 0x0000020a7842c740


Dynamic libraries:
0x00007ff7aa1c0000 - 0x00007ff7aa1d0000 	C:\Program Files\Java\jdk-21\bin\java.exe
0x00007ffa44e50000 - 0x00007ffa45067000 	C:\Windows\SYSTEM32\ntdll.dll
0x00007ffa42e40000 - 0x00007ffa42f04000 	C:\Windows\System32\KERNEL32.DLL
0x00007ffa422c0000 - 0x00007ffa4266d000 	C:\Windows\System32\KERNELBASE.dll
0x00007ffa421a0000 - 0x00007ffa422b1000 	C:\Windows\System32\ucrtbase.dll
0x00007ffa2d920000 - 0x00007ffa2d93b000 	C:\Program Files\Java\jdk-21\bin\VCRUNTIME140.dll
0x00007ffa3f340000 - 0x00007ffa3f359000 	C:\Program Files\Java\jdk-21\bin\jli.dll
0x00007ffa44220000 - 0x00007ffa442d2000 	C:\Windows\System32\ADVAPI32.dll
0x00007ffa442e0000 - 0x00007ffa44387000 	C:\Windows\System32\msvcrt.dll
0x00007ffa44160000 - 0x00007ffa44209000 	C:\Windows\System32\sechost.dll
0x00007ffa427d0000 - 0x00007ffa427f8000 	C:\Windows\System32\bcrypt.dll
0x00007ffa43200000 - 0x00007ffa43314000 	C:\Windows\System32\RPCRT4.dll
0x00007ffa43050000 - 0x00007ffa431fe000 	C:\Windows\System32\USER32.dll
0x00007ffa31dd0000 - 0x00007ffa32063000 	C:\Windows\WinSxS\amd64_microsoft.windows.common-controls_6595b64144ccf1df_6.0.22621.3672_none_2713b9d173822955\COMCTL32.dll
0x00007ffa42170000 - 0x00007ffa42196000 	C:\Windows\System32\win32u.dll
0x00007ffa43da0000 - 0x00007ffa43dc9000 	C:\Windows\System32\GDI32.dll
0x00007ffa42800000 - 0x00007ffa42919000 	C:\Windows\System32\gdi32full.dll
0x00007ffa42730000 - 0x00007ffa427ca000 	C:\Windows\System32\msvcp_win.dll
0x00007ffa38900000 - 0x00007ffa3890a000 	C:\Windows\SYSTEM32\VERSION.dll
0x00007ffa43d60000 - 0x00007ffa43d91000 	C:\Windows\System32\IMM32.DLL
0x00007ffa3f320000 - 0x00007ffa3f32c000 	C:\Program Files\Java\jdk-21\bin\vcruntime140_1.dll
0x00007ffa1a4d0000 - 0x00007ffa1a55e000 	C:\Program Files\Java\jdk-21\bin\msvcp140.dll
0x00007ff9c2630000 - 0x00007ff9c334a000 	C:\Program Files\Java\jdk-21\bin\server\jvm.dll
0x00007ffa43670000 - 0x00007ffa436e1000 	C:\Windows\System32\WS2_32.dll
0x00007ffa41bf0000 - 0x00007ffa41c3d000 	C:\Windows\SYSTEM32\POWRPROF.dll
0x00007ffa3da40000 - 0x00007ffa3da74000 	C:\Windows\SYSTEM32\WINMM.dll
0x00007ffa41a70000 - 0x00007ffa41a83000 	C:\Windows\SYSTEM32\UMPDC.dll
0x00007ffa411a0000 - 0x00007ffa411b8000 	C:\Windows\SYSTEM32\kernel.appcore.dll
0x00007ffa3da90000 - 0x00007ffa3da9a000 	C:\Program Files\Java\jdk-21\bin\jimage.dll
0x00007ffa3c120000 - 0x00007ffa3c352000 	C:\Windows\SYSTEM32\DBGHELP.DLL
0x00007ffa43dd0000 - 0x00007ffa4415d000 	C:\Windows\System32\combase.dll
0x00007ffa43780000 - 0x00007ffa43857000 	C:\Windows\System32\OLEAUT32.dll
0x00007ffa24700000 - 0x00007ffa24732000 	C:\Windows\SYSTEM32\dbgcore.DLL
0x00007ffa42990000 - 0x00007ffa42a0b000 	C:\Windows\System32\bcryptPrimitives.dll
0x00007ffa399a0000 - 0x00007ffa399af000 	C:\Program Files\Java\jdk-21\bin\instrument.dll
0x00007ffa2d900000 - 0x00007ffa2d91f000 	C:\Program Files\Java\jdk-21\bin\java.dll
0x00007ffa445a0000 - 0x00007ffa44e08000 	C:\Windows\System32\SHELL32.dll
0x00007ffa40080000 - 0x00007ffa4097e000 	C:\Windows\SYSTEM32\windows.storage.dll
0x00007ffa3ff40000 - 0x00007ffa4007f000 	C:\Windows\SYSTEM32\wintypes.dll
0x00007ffa42b80000 - 0x00007ffa42c79000 	C:\Windows\System32\SHCORE.dll
0x00007ffa434e0000 - 0x00007ffa4353e000 	C:\Windows\System32\shlwapi.dll
0x00007ffa420a0000 - 0x00007ffa420c1000 	C:\Windows\SYSTEM32\profapi.dll
0x00007ffa0fec0000 - 0x00007ffa0ff97000 	C:\Program Files\Java\jdk-21\bin\jsvml.dll
0x00007ffa2d8c0000 - 0x00007ffa2d8d8000 	C:\Program Files\Java\jdk-21\bin\zip.dll
0x00007ffa36a30000 - 0x00007ffa36a40000 	C:\Program Files\Java\jdk-21\bin\net.dll
0x00007ffa3ed70000 - 0x00007ffa3eea6000 	C:\Windows\SYSTEM32\WINHTTP.dll
0x00007ffa41610000 - 0x00007ffa41679000 	C:\Windows\system32\mswsock.dll
0x00007ffa2d8a0000 - 0x00007ffa2d8b6000 	C:\Program Files\Java\jdk-21\bin\nio.dll
0x00007ffa2e7e0000 - 0x00007ffa2e7e9000 	C:\Program Files\Java\jdk-21\bin\extnet.dll
0x00007ffa2d8f0000 - 0x00007ffa2d8fe000 	C:\Program Files\Java\jdk-21\bin\sunmscapi.dll
0x00007ffa42a10000 - 0x00007ffa42b77000 	C:\Windows\System32\CRYPT32.dll
0x00007ffa41ad0000 - 0x00007ffa41afe000 	C:\Windows\SYSTEM32\ncrypt.dll
0x00007ffa41a90000 - 0x00007ffa41ac7000 	C:\Windows\SYSTEM32\NTASN1.dll
0x00007ffa41870000 - 0x00007ffa4188b000 	C:\Windows\SYSTEM32\CRYPTSP.dll
0x00007ffa41100000 - 0x00007ffa41135000 	C:\Windows\system32\rsaenh.dll
0x00007ffa41710000 - 0x00007ffa41738000 	C:\Windows\SYSTEM32\USERENV.dll
0x00007ffa41890000 - 0x00007ffa4189c000 	C:\Windows\SYSTEM32\CRYPTBASE.dll
0x00007ffa40bf0000 - 0x00007ffa40c1d000 	C:\Windows\SYSTEM32\IPHLPAPI.DLL
0x00007ffa43770000 - 0x00007ffa43779000 	C:\Windows\System32\NSI.dll
0x00007ffa2cda0000 - 0x00007ffa2cdaa000 	C:\Program Files\Java\jdk-21\bin\management.dll
0x00007ffa2cd90000 - 0x00007ffa2cd9b000 	C:\Program Files\Java\jdk-21\bin\management_ext.dll
0x00007ffa43560000 - 0x00007ffa43568000 	C:\Windows\System32\PSAPI.DLL
0x00007ffa40c60000 - 0x00007ffa40d58000 	C:\Windows\SYSTEM32\DNSAPI.dll
0x00007ffa3dc70000 - 0x00007ffa3dc7a000 	C:\Windows\System32\rasadhlp.dll
0x00007ffa3dd20000 - 0x00007ffa3dda3000 	C:\Windows\System32\fwpuclnt.dll
0x00007ffa1a560000 - 0x00007ffa1a568000 	C:\Windows\system32\wshunix.dll

dbghelp: loaded successfully - version: 4.0.5 - missing functions: none
symbol engine: initialized successfully - sym options: 0x614 - pdb path: .;C:\Program Files\Java\jdk-21\bin;C:\Windows\SYSTEM32;C:\Windows\WinSxS\amd64_microsoft.windows.common-controls_6595b64144ccf1df_6.0.22621.3672_none_2713b9d173822955;C:\Program Files\Java\jdk-21\bin\server

VM Arguments:
jvm_args: -javaagent:D:\Program Files\IntelliJ IDEA Community Edition 2024.3.5\lib\idea_rt.jar=57972 -Dfile.encoding=UTF-8 -Dsun.stdout.encoding=UTF-8 -Dsun.stderr.encoding=UTF-8 
java_command: com.nvs.Mavli.MavliApplication
java_class_path (initial): D:\User\Aadi\OneDrive\Desktop\Mavli\Mavli\target\classes;C:\Users\abhishek\.m2\repository\org\springframework\boot\spring-boot-starter-data-jpa\4.1.0\spring-boot-starter-data-jpa-4.1.0.jar;C:\Users\abhishek\.m2\repository\org\springframework\boot\spring-boot-starter\4.1.0\spring-boot-starter-4.1.0.jar;C:\Users\abhishek\.m2\repository\org\springframework\boot\spring-boot-starter-logging\4.1.0\spring-boot-starter-logging-4.1.0.jar;C:\Users\abhishek\.m2\repository\ch\qos\logback\logback-classic\1.5.34\logback-classic-1.5.34.jar;C:\Users\abhishek\.m2\repository\ch\qos\logback\logback-core\1.5.34\logback-core-1.5.34.jar;C:\Users\abhishek\.m2\repository\org\apache\logging\log4j\log4j-to-slf4j\2.25.4\log4j-to-slf4j-2.25.4.jar;C:\Users\abhishek\.m2\repository\org\apache\logging\log4j\log4j-api\2.25.4\log4j-api-2.25.4.jar;C:\Users\abhishek\.m2\repository\org\slf4j\jul-to-slf4j\2.0.18\jul-to-slf4j-2.0.18.jar;C:\Users\abhishek\.m2\repository\org\springframework\boot\spring-boot-autoconfigure\4.1.0\spring-boot-autoconfigure-4.1.0.jar;C:\Users\abhishek\.m2\repository\jakarta\annotation\jakarta.annotation-api\3.0.0\jakarta.annotation-api-3.0.0.jar;C:\Users\abhishek\.m2\repository\org\yaml\snakeyaml\2.6\snakeyaml-2.6.jar;C:\Users\abhishek\.m2\repository\org\springframework\boot\spring-boot-starter-jdbc\4.1.0\spring-boot-starter-jdbc-4.1.0.jar;C:\Users\abhishek\.m2\repository\com\zaxxer\HikariCP\7.0.2\HikariCP-7.0.2.jar;C:\Users\abhishek\.m2\repository\org\slf4j\slf4j-api\2.0.18\slf4j-api-2.0.18.jar;C:\Users\abhishek\.m2\repository\org\springframework\boot\spring-boot-data-jpa\4.1.0\spring-boot-data-jpa-4.1.0.jar;C:\Users\abhishek\.m2\repository\org\springframework\boot\spring-boot-data-commons\4.1.0\spring-boot-data-commons-4.1.0.jar;C:\Users\abhishek\.m2\repository\org\springframework\boot\spring-boot-persistence\4.1.0\spring-boot-persistence-4.1.0.jar;C:\Users\abhishek\.m2\repository\org\springframework\data\spring-data-commons\4.1.0\spring-data-commons-4.1.0.jar;C:\Users\abhishek\.m2\repository\org\springframework\boot\spring-boot-hibernate\4.1.0\spring-boot-hibernate-4.1.0.jar;C:\Users\abhishek\.m2\repository\org\springframework\boot\spring-boot-jpa\4.1.0\spring-boot-jpa-4.1.0.jar;C:\Users\abhishek\.m2\repository\jakarta\persistence\jakarta.persistence-api\3.2.0\jakarta.persistence-api-3.2.0.jar;C:\Users\abhishek\.m2\repository\org\hibernate\orm\hibernate-core\7.4.1.Final\hibernate-core-7.4.1.Final.jar;C:\Users\abhishek\.m2\repository\jakarta\transaction\jakarta.transaction-api\2.0.1\jakarta.transaction-api-2.0.1.jar;C:\Users\abhishek\.m2\repository\org\hibernate\models\hibernate-models\1.1.1\hibernate-models-1.1.1.jar;C:\Users\abhishek\.m2\repository\org\glassfish\jaxb\jaxb-runtime\4.0.9\jaxb-runtime-4.0.9.jar;C:\Users\abhishek\.m2\repository\org\glassfish\jaxb\jaxb-core\4.0.9\jaxb-core-4.0.9.jar;C:\Users\abhishek\.m2\repository\org\eclipse\angus\angus-activation\2.0.3\angus-activation-2.0.3.jar;C:\Users\abhishek\.m2\repository\org\glassfish\jaxb\txw2\4.0.9\txw2-4.0.9.jar;C:\Users\abhishek\.m2\repository\com\sun\istack\istack-commons-runtime\4.1.2\istack-commons-runtime-4.1.2.jar;C:\Users\abhishek\.m2\repository\jakarta\inject\jakarta.inject-api\2.0.1\jakarta.inject-api-2.0.1.jar;C:\Users\abhishek\.m2\repository\org\springframework\spring-orm\7.0.8\spring-orm-7.0.8.jar;C:\Users\abhishek\.m2\repository\org\springframework\data\spring-data-jpa\4.1.0\spring-data-jpa-4.1.0.jar;C:\Users\abhishek\.m2\repository\org\springframework\spring-context\7.0.8\spring-context-7.0.8.jar;C:\Users\abhishek\.m2\repository\org\springframework\spring-tx\7.0.8\spring-tx-7.0.8.jar;C:\Users\abhishek\.m2\repository\org\antlr\antlr4-runtime\4.13.2\antlr4-runtime-4.13.2.jar;C:\Users\abhishek\.m2\repository\org\springframework\spring-aspects\7.0.8\spring-aspects-7.0.8.jar;C:\Users\abhishek\.m2\repository\org\aspectj\aspectjweaver\1.9.25.1\aspectjweaver-1.9.25.1.jar;C:\Users\abhishek\.m2\repository\org\springframework\boot\spring-boot-jdbc\4.1.0\spring-boot-jdbc-4.1.0.jar;C:\Users\abhishek\.m2\repository\org\springframework\boot\spring-boot\4.1.0\spring-boot-4.1.0.jar;C:\Users\abhishek\.m2\repository\org\springframework\boot\spring-boot-sql\4.1.0\spring-boot-sql-4.1.0.jar;C:\Users\abhishek\.m2\repository\org\springframework\boot\spring-boot-transaction\4.1.0\spring-boot-transaction-4.1.0.jar;C:\Users\abhishek\.m2\repository\org\springframework\spring-jdbc\7.0.8\spring-jdbc-7.0.8.jar;C:\Users\abhishek\.m2\repository\org\springframework\boot\spring-boot-starter-security\4.1.0\spring-boot-starter-security-4.1.0.jar;C:\Users\abhishek\.m2\repository\org\springframework\boot\spring-boot-security\4.1.0\spring-boot-security-4.1.0.jar;C:\Users\abhishek\.m2\repository\org\springframework\security\spring-security-config\7.1.0\spring-security-config-7.1.0.jar;C:\Users\abhishek\.m2\repository\org\springframework\security\spring-security-core\7.1.0\spring-security-core-7.1.0.jar;C:\Users\abhishek\.m2\repository\org\springframework\security\spring-security-crypto\7.1.0\spring-security-crypto-7.1.0.jar;C:\Users\abhishek\.m2\repository\org\springframework\security\spring-security-web\7.1.0\spring-security-web-7.1.0.jar;C:\Users\abhishek\.m2\repository\org\springframework\spring-expression\7.0.8\spring-expression-7.0.8.jar;C:\Users\abhishek\.m2\repository\org\springframework\spring-aop\7.0.8\spring-aop-7.0.8.jar;C:\Users\abhishek\.m2\repository\org\springframework\spring-beans\7.0.8\spring-beans-7.0.8.jar;C:\Users\abhishek\.m2\repository\org\springframework\spring-core\7.0.8\spring-core-7.0.8.jar;C:\Users\abhishek\.m2\repository\commons-logging\commons-logging\1.3.6\commons-logging-1.3.6.jar;C:\Users\abhishek\.m2\repository\org\jspecify\jspecify\1.0.0\jspecify-1.0.0.jar;C:\Users\abhishek\.m2\repository\org\springframework\boot\spring-boot-starter-validation\4.1.0\spring-boot-starter-validation-4.1.0.jar;C:\Users\abhishek\.m2\repository\org\springframework\boot\spring-boot-validation\4.1.0\spring-boot-validation-4.1.0.jar;C:\Users\abhishek\.m2\repository\org\apache\tomcat\embed\tomcat-embed-el\11.0.22\tomcat-embed-el-11.0.22.jar;C:\Users\abhishek\.m2\repository\org\hibernate\validator\hibernate-validator\9.1.0.Final\hibernate-validator-9.1.0.Final.jar;C:\Users\abhishek\.m2\repository\jakarta\validation\jakarta.validation-api\3.1.1\jakarta.validation-api-3.1.1.jar;C:\Users\abhishek\.m2\repository\org\jboss\logging\jboss-logging\3.6.3.Final\jboss-logging-3.6.3.Final.jar;C:\Users\abhishek\.m2\repository\com\fasterxml\classmate\1.7.3\classmate-1.7.3.jar;C:\Users\abhishek\.m2\repository\org\springframework\boot\spring-boot-starter-webmvc\4.1.0\spring-boot-starter-webmvc-4.1.0.jar;C:\Users\abhishek\.m2\repository\org\springframework\boot\spring-boot-starter-jackson\4.1.0\spring-boot-starter-jackson-4.1.0.jar;C:\Users\abhishek\.m2\repository\org\springframework\boot\spring-boot-jackson\4.1.0\spring-boot-jackson-4.1.0.jar;C:\Users\abhishek\.m2\repository\tools\jackson\core\jackson-databind\3.1.4\jackson-databind-3.1.4.jar;C:\Users\abhishek\.m2\repository\com\fasterxml\jackson\core\jackson-annotations\2.21\jackson-annotations-2.21.jar;C:\Users\abhishek\.m2\repository\tools\jackson\core\jackson-core\3.1.4\jackson-core-3.1.4.jar;C:\Users\abhishek\.m2\repository\org\springframework\boot\spring-boot-starter-tomcat\4.1.0\spring-boot-starter-tomcat-4.1.0.jar;C:\Users\abhishek\.m2\repository\org\springframework\boot\spring-boot-starter-tomcat-runtime\4.1.0\spring-boot-starter-tomcat-runtime-4.1.0.jar;C:\Users\abhishek\.m2\repository\org\apache\tomcat\embed\tomcat-embed-core\11.0.22\tomcat-embed-core-11.0.22.jar;C:\Users\abhishek\.m2\repository\org\apache\tomcat\embed\tomcat-embed-websocket\11.0.22\tomcat-embed-websocket-11.0.22.jar;C:\Users\abhishek\.m2\repository\org\springframework\boot\spring-boot-tomcat\4.1.0\spring-boot-tomcat-4.1.0.jar;C:\Users\abhishek\.m2\repository\org\springframework\boot\spring-boot-http-converter\4.1.0\spring-boot-http-converter-4.1.0.jar;C:\Users\abhishek\.m2\repository\org\springframework\spring-web\7.0.8\spring-web-7.0.8.jar;C:\Users\abhishek\.m2\repository\io\micrometer\micrometer-observation\1.17.0\micrometer-observation-1.17.0.jar;C:\Users\abhishek\.m2\repository\io\micrometer\micrometer-commons\1.17.0\micrometer-commons-1.17.0.jar;C:\Users\abhishek\.m2\repository\org\springframework\boot\spring-boot-webmvc\4.1.0\spring-boot-webmvc-4.1.0.jar;C:\Users\abhishek\.m2\repository\org\springframework\boot\spring-boot-servlet\4.1.0\spring-boot-servlet-4.1.0.jar;C:\Users\abhishek\.m2\repository\org\springframework\spring-webmvc\7.0.8\spring-webmvc-7.0.8.jar;C:\Users\abhishek\.m2\repository\org\postgresql\postgresql\42.7.11\postgresql-42.7.11.jar;C:\Users\abhishek\.m2\repository\org\projectlombok\lombok\1.18.46\lombok-1.18.46.jar;C:\Users\abhishek\.m2\repository\jakarta\xml\bind\jakarta.xml.bind-api\4.0.5\jakarta.xml.bind-api-4.0.5.jar;C:\Users\abhishek\.m2\repository\jakarta\activation\jakarta.activation-api\2.1.4\jakarta.activation-api-2.1.4.jar;C:\Users\abhishek\.m2\repository\net\bytebuddy\byte-buddy\1.18.10\byte-buddy-1.18.10.jar;C:\Users\abhishek\.m2\repository\org\springframework\boot\spring-boot-web-server\4.1.0\spring-boot-web-server-4.1.0.jar
Launcher Type: SUN_STANDARD

[Global flags]
     intx CICompilerCount                          = 4                                         {product} {ergonomic}
     uint ConcGCThreads                            = 2                                         {product} {ergonomic}
     uint G1ConcRefinementThreads                  = 8                                         {product} {ergonomic}
   size_t G1HeapRegionSize                         = 1048576                                   {product} {ergonomic}
    uintx GCDrainStackTargetSize                   = 64                                        {product} {ergonomic}
   size_t InitialHeapSize                          = 121634816                                 {product} {ergonomic}
   size_t MarkStackSize                            = 4194304                                   {product} {ergonomic}
   size_t MaxHeapSize                              = 1944059904                                {product} {ergonomic}
   size_t MaxNewSize                               = 1166016512                                {product} {ergonomic}
   size_t MinHeapDeltaBytes                        = 1048576                                   {product} {ergonomic}
   size_t MinHeapSize                              = 8388608                                   {product} {ergonomic}
    uintx NonNMethodCodeHeapSize                   = 5839372                                {pd product} {ergonomic}
    uintx NonProfiledCodeHeapSize                  = 122909434                              {pd product} {ergonomic}
    uintx ProfiledCodeHeapSize                     = 122909434                              {pd product} {ergonomic}
    uintx ReservedCodeCacheSize                    = 251658240                              {pd product} {ergonomic}
     bool SegmentedCodeCache                       = true                                      {product} {ergonomic}
   size_t SoftMaxHeapSize                          = 1944059904                             {manageable} {ergonomic}
     bool UseCompressedOops                        = true                           {product lp64_product} {ergonomic}
     bool UseG1GC                                  = true                                      {product} {ergonomic}
     bool UseLargePagesIndividualAllocation        = false                                  {pd product} {ergonomic}

Logging:
Log output configuration:
 #0: stdout all=warning uptime,level,tags foldmultilines=false
 #1: stderr all=off uptime,level,tags foldmultilines=false

Environment Variables:
JAVA_HOME=C:\Program Files\Java\jdk-21
PATH=C:\Windows\system32;C:\Windows;C:\Windows\System32\Wbem;C:\Windows\System32\WindowsPowerShell\v1.0\;C:\Windows\System32\OpenSSH\;C:\MinGW\bin;C:\Program Files\Java\jdk-21\bin;C:\Program Files\Java\jdk-21\bin;C:\Program Files\Git\cmd;C:\Program Files\Maven\apache-maven-3.9.9\bin;C:\data\db;C:\Program Files\MongoDB\Server\8.0\bin;D:\MongoDb\mongosh-2.4.2-win32-x64\bin;D:\Redis\;D:\Program Files\PostgreSQL\16\bin;D:\xampp\php;D:\composer;C:\Program Files\MySQL\MySQL Shell 8.0\bin\;C:\Users\abhishek\AppData\Local\Programs\Python\Python312\Scripts\;C:\Users\abhishek\AppData\Local\Programs\Python\Python312\;C:\Users\abhishek\AppData\Local\Microsoft\WindowsApps;C:\Users\abhishek\AppData\Local\GitHubDesktop\bin;D:\IntelliJ IDEA 2024.3.5\bin;;D:\Program Files\IntelliJ IDEA Community Edition 2024.3.5\bin;;C:\Users\abhishek\AppData\Roaming\Composer\vendor\bin;C:\Users\abhishek\AppData\Local\Programs\Microsoft VS Code\bin
USERNAME=Aadi
OS=Windows_NT
PROCESSOR_IDENTIFIER=AMD64 Family 23 Model 160 Stepping 0, AuthenticAMD
TMP=C:\Users\abhishek\AppData\Local\Temp
TEMP=C:\Users\abhishek\AppData\Local\Temp




Periodic native trim disabled

---------------  S Y S T E M  ---------------

OS:
 Windows 11 , 64 bit Build 22621 (10.0.22621.3958)
OS uptime: 25 days 9:01 hours
Hyper-V role detected

CPU: total 8 (initial active 8) (8 cores per cpu, 2 threads per core) family 23 model 160 stepping 0 microcode 0x0, cx8, cmov, fxsr, ht, mmx, 3dnowpref, sse, sse2, sse3, ssse3, sse4a, sse4.1, sse4.2, popcnt, lzcnt, tsc, tscinvbit, avx, avx2, aes, clmul, bmi1, bmi2, adx, sha, fma, vzeroupper, clflush, clflushopt, hv, rdtscp, rdpid, f16c
Processor Information for all 8 processors :
  Max Mhz: 2401, Current Mhz: 2401, Mhz Limit: 2401

Memory: 4k page, system-wide physical 7413M (232M free)
TotalPageFile size 15505M (AvailPageFile size 3M)
current process WorkingSet (physical memory assigned to process): 253M, peak: 267M
current process commit charge ("private bytes"): 291M, peak: 304M

vm_info: Java HotSpot(TM) 64-Bit Server VM (21.0.6+8-LTS-188) for windows-amd64 JRE (21.0.6+8-LTS-188), built on 2024-12-03T10:50:54Z by "mach5one" with MS VC++ 17.6 (VS2022)

END.
